23:15:54 **** Build of configuration Debug for project deepflux-mix-01-midi-proto ****
make -j12 all 
arm-none-eabi-gcc "../Core/Src/main.c" -mcpu=cortex-m3 -std=gnu11 -g3 -DDEBUG -DUSE_HAL_DRIVER -DSTM32F103xB -c -I../Core/Inc -I"C:/Users/prath/OneDrive/Desktop/DeepFlux Technologies/DeepFlux MIX-01/github/deepflux-mix01/firmware/f103/deepflux-mix-01-midi-proto/Middlewares/ST/STM32_USB_Device_Library/Class/MIDI/Inc" -I"C:/Users/prath/OneDrive/Desktop/DeepFlux Technologies/DeepFlux MIX-01/github/deepflux-mix01/firmware/f103/deepflux-mix-01-midi-proto/Core/Inc/core" -I"C:/Users/prath/OneDrive/Desktop/DeepFlux Technologies/DeepFlux MIX-01/github/deepflux-mix01/firmware/f103/deepflux-mix-01-midi-proto/Core/Inc/drivers" -I../Drivers/STM32F1xx_HAL_Driver/Inc/Legacy -I../Drivers/STM32F1xx_HAL_Driver/Inc -I../Drivers/CMSIS/Device/ST/STM32F1xx/Include -I../Drivers/CMSIS/Include -I../USB_DEVICE/App -I../USB_DEVICE/Target -I../Middlewares/ST/STM32_USB_Device_Library/Core/Inc -I../Middlewares/ST/STM32_USB_Device_Library/Class/AUDIO/Inc -O0 -ffunction-sections -fdata-sections -Wall -fstack-usage -fcyclomatic-complexity -MMD -MP -MF"Core/Src/main.d" -MT"Core/Src/main.o" --specs=nano.specs -mfloat-abi=soft -mthumb -o "Core/Src/main.o"
In file included from ../Core/Src/main.c:10:
C:/Users/prath/OneDrive/Desktop/DeepFlux Technologies/DeepFlux MIX-01/github/deepflux-mix01/firmware/f103/deepflux-mix-01-midi-proto/Core/Inc/core/rcc.h:19: warning: "RCC_CR_HSEON" redefined
   19 | #define RCC_CR_HSEON            (1 << 16)       //HSE ON
      | 
In file included from ../Drivers/CMSIS/Device/ST/STM32F1xx/Include/stm32f1xx.h:130,
                 from ../Drivers/STM32F1xx_HAL_Driver/Inc/stm32f1xx_hal_def.h:29,
                 from ../Drivers/STM32F1xx_HAL_Driver/Inc/stm32f1xx_hal_rcc.h:27,
                 from ../Core/Inc/stm32f1xx_hal_conf.h:238,
                 from ../Drivers/STM32F1xx_HAL_Driver/Inc/stm32f1xx_hal.h:29,
                 from ../Core/Inc/main.h:30,
                 from ../Core/Inc/gpio.h:29,
                 from ../Core/Src/main.c:4:
../Drivers/CMSIS/Device/ST/STM32F1xx/Include/stm32f103xb.h:922: note: this is the location of the previous definition
  922 | #define RCC_CR_HSEON                         RCC_CR_HSEON_Msk                  /*!< External High Speed clock enable */
      | 
C:/Users/prath/OneDrive/Desktop/DeepFlux Technologies/DeepFlux MIX-01/github/deepflux-mix01/firmware/f103/deepflux-mix-01-midi-proto/Core/Inc/core/rcc.h:20: warning: "RCC_CR_HSERDY" redefined
   20 | #define RCC_CR_HSERDY           (1 << 17)       //HSE Ready
      | 
../Drivers/CMSIS/Device/ST/STM32F1xx/Include/stm32f103xb.h:925: note: this is the location of the previous definition
  925 | #define RCC_CR_HSERDY                        RCC_CR_HSERDY_Msk                 /*!< External High Speed clock ready flag */
      | 
C:/Users/prath/OneDrive/Desktop/DeepFlux Technologies/DeepFlux MIX-01/github/deepflux-mix01/firmware/f103/deepflux-mix-01-midi-proto/Core/Inc/core/rcc.h:22: warning: "FLASH_ACR_PRFTBE" redefined
   22 | #define FLASH_ACR_PRFTBE        (1 << 4)        //Prefetch Enable
      | 
../Drivers/CMSIS/Device/ST/STM32F1xx/Include/stm32f103xb.h:9696: note: this is the location of the previous definition
 9696 | #define FLASH_ACR_PRFTBE                    FLASH_ACR_PRFTBE_Msk               /*!< Prefetch Buffer Enable */
      | 
C:/Users/prath/OneDrive/Desktop/DeepFlux Technologies/DeepFlux MIX-01/github/deepflux-mix01/firmware/f103/deepflux-mix-01-midi-proto/Core/Inc/core/rcc.h:23: warning: "FLASH_ACR_PRFTBS" redefined
   23 | #define FLASH_ACR_PRFTBS        (1 << 5)        //Prefetch Status
      | 
../Drivers/CMSIS/Device/ST/STM32F1xx/Include/stm32f103xb.h:9699: note: this is the location of the previous definition
 9699 | #define FLASH_ACR_PRFTBS                    FLASH_ACR_PRFTBS_Msk               /*!< Prefetch Buffer Status */
      | 
C:/Users/prath/OneDrive/Desktop/DeepFlux Technologies/DeepFlux MIX-01/github/deepflux-mix01/firmware/f103/deepflux-mix-01-midi-proto/Core/Inc/core/rcc.h:26: warning: "RCC_CR_PLLON" redefined
   26 | #define RCC_CR_PLLON            (1 << 24)       //PLLON
      | 
../Drivers/CMSIS/Device/ST/STM32F1xx/Include/stm32f103xb.h:934: note: this is the location of the previous definition
  934 | #define RCC_CR_PLLON                         RCC_CR_PLLON_Msk                  /*!< PLL enable */
      | 
C:/Users/prath/OneDrive/Desktop/DeepFlux Technologies/DeepFlux MIX-01/github/deepflux-mix01/firmware/f103/deepflux-mix-01-midi-proto/Core/Inc/core/rcc.h:27: warning: "RCC_CR_PLLRDY" redefined
   27 | #define RCC_CR_PLLRDY           (1 << 25)       //PLL Ready (LOCKED)
      | 
../Drivers/CMSIS/Device/ST/STM32F1xx/Include/stm32f103xb.h:937: note: this is the location of the previous definition
  937 | #define RCC_CR_PLLRDY                        RCC_CR_PLLRDY_Msk                 /*!< PLL clock ready flag */
      | 
C:/Users/prath/OneDrive/Desktop/DeepFlux Technologies/DeepFlux MIX-01/github/deepflux-mix01/firmware/f103/deepflux-mix-01-midi-proto/Core/Inc/core/rcc.h:28: warning: "RCC_CFGR_SW_PLL" redefined
   28 | #define RCC_CFGR_SW_PLL         (0b10 << 0)     //SYSCLK == PLL
      | 
../Drivers/CMSIS/Device/ST/STM32F1xx/Include/stm32f103xb.h:950: note: this is the location of the previous definition
  950 | #define RCC_CFGR_SW_PLL                      0x00000002U                       /*!< PLL selected as system clock */
      | 
C:/Users/prath/OneDrive/Desktop/DeepFlux Technologies/DeepFlux MIX-01/github/deepflux-mix01/firmware/f103/deepflux-mix-01-midi-proto/Core/Inc/core/rcc.h:29: warning: "RCC_CFGR_SWS_PLL" redefined
   29 | #define RCC_CFGR_SWS_PLL        (0b10 << 2)     //FLAG of SYSCLK == PLL
      | 
../Drivers/CMSIS/Device/ST/STM32F1xx/Include/stm32f103xb.h:961: note: this is the location of the previous definition
  961 | #define RCC_CFGR_SWS_PLL                     0x00000008U                       /*!< PLL used as system clock */
      | 
In file included from ../Core/Src/main.c:12:
C:/Users/prath/OneDrive/Desktop/DeepFlux Technologies/DeepFlux MIX-01/github/deepflux-mix01/firmware/f103/deepflux-mix-01-midi-proto/Core/Inc/drivers/timer.h:11: warning: "RCC_APB1ENR_TIM2EN" redefined
   11 | #define RCC_APB1ENR_TIM2EN      (1 << 0)        // Enable Clock For TIM2
      | 
../Drivers/CMSIS/Device/ST/STM32F1xx/Include/stm32f103xb.h:1322: note: this is the location of the previous definition
 1322 | #define RCC_APB1ENR_TIM2EN                   RCC_APB1ENR_TIM2EN_Msk            /*!< Timer 2 clock enabled*/
      | 
C:/Users/prath/OneDrive/Desktop/DeepFlux Technologies/DeepFlux MIX-01/github/deepflux-mix01/firmware/f103/deepflux-mix-01-midi-proto/Core/Inc/drivers/timer.h:25: warning: "RCC_APB1ENR_TIM3EN" redefined
   25 | #define RCC_APB1ENR_TIM3EN      (1 << 1)        // Enable Clock For TIM3
      | 
../Drivers/CMSIS/Device/ST/STM32F1xx/Include/stm32f103xb.h:1325: note: this is the location of the previous definition
 1325 | #define RCC_APB1ENR_TIM3EN                   RCC_APB1ENR_TIM3EN_Msk            /*!< Timer 3 clock enable */
      | 
C:/Users/prath/OneDrive/Desktop/DeepFlux Technologies/DeepFlux MIX-01/github/deepflux-mix01/firmware/f103/deepflux-mix-01-midi-proto/Core/Inc/drivers/timer.h:31: warning: "RCC_APB1ENR_TIM4EN" redefined
   31 | #define RCC_APB1ENR_TIM4EN      (1 << 2)        // Enable Clock For TIM4
      | 
../Drivers/CMSIS/Device/ST/STM32F1xx/Include/stm32f103xb.h:1349: note: this is the location of the previous definition
 1349 | #define RCC_APB1ENR_TIM4EN                   RCC_APB1ENR_TIM4EN_Msk            /*!< Timer 4 clock enable */
      | 
In file included from ../Core/Src/main.c:15:
C:/Users/prath/OneDrive/Desktop/DeepFlux Technologies/DeepFlux MIX-01/github/deepflux-mix01/firmware/f103/deepflux-mix-01-midi-proto/Core/Inc/drivers/adc.h:17: warning: "RCC_APB2ENR_ADC1EN" redefined
   17 | #define RCC_APB2ENR_ADC1EN      (1 << 9)                // Clock Enable For ADC1
      | 
../Drivers/CMSIS/Device/ST/STM32F1xx/Include/stm32f103xb.h:1295: note: this is the location of the previous definition
 1295 | #define RCC_APB2ENR_ADC1EN                   RCC_APB2ENR_ADC1EN_Msk            /*!< ADC 1 interface clock enable */
      | 
../Core/Src/main.c: In function 'main':
../Core/Src/main.c:61:3: warning: implicit declaration of function 'GPIO_Init'; did you mean 'MX_GPIO_Init'? [-Wimplicit-function-declaration]
   61 |   GPIO_Init();
      |   ^~~~~~~~~
      |   MX_GPIO_Init
arm-none-eabi-gcc -o "deepflux-mix-01-midi-proto.elf" @"objects.list"   -mcpu=cortex-m3 -T"C:\Users\prath\OneDrive\Desktop\DeepFlux Technologies\DeepFlux MIX-01\github\deepflux-mix01\firmware\f103\deepflux-mix-01-midi-proto\STM32F103C8TX_FLASH.ld" --specs=nosys.specs -Wl,-Map="deepflux-mix-01-midi-proto.map" -Wl,--gc-sections -static --specs=nano.specs -mfloat-abi=soft -mthumb -Wl,--start-group -lc -lm -Wl,--end-group
Finished building target: deepflux-mix-01-midi-proto.elf
 
arm-none-eabi-size  deepflux-mix-01-midi-proto.elf 
arm-none-eabi-objdump -h -S deepflux-mix-01-midi-proto.elf  > "deepflux-mix-01-midi-proto.list"
arm-none-eabi-objcopy  -O ihex deepflux-mix-01-midi-proto.elf  "deepflux-mix-01-midi-proto.hex"
   text	   data	    bss	    dec	    hex	filename
  35924	    372	   4100	  40396	   9dcc	deepflux-mix-01-midi-proto.elf
Finished building: default.size.stdout
 
Finished building: deepflux-mix-01-midi-proto.hex
 
Finished building: deepflux-mix-01-midi-proto.list
 
